../Drivers/STM32WLxx_HAL_Driver/Inc/stm32wlxx_ll_bus.h:449:22:LL_AHB2_GRP1_EnableClock	24	static
../SubGHz_Phy/Target/radio_board_if.c:65:9:RBI_Init	32	static
../SubGHz_Phy/Target/radio_board_if.c:106:9:RBI_DeInit	8	static
../SubGHz_Phy/Target/radio_board_if.c:133:9:RBI_ConfigRFSwitch	24	static
../SubGHz_Phy/Target/radio_board_if.c:185:9:RBI_GetTxConfig	4	static
../SubGHz_Phy/Target/radio_board_if.c:211:9:RBI_IsTCXO	4	static
../SubGHz_Phy/Target/radio_board_if.c:237:9:RBI_IsDCDC	4	static
../SubGHz_Phy/Target/radio_board_if.c:263:9:RBI_GetRFOMaxPowerConfig	16	static
